0;0;842;SCPTlocation;Location;SCPTlocation;SCPTlocation
0;1;0;SCPTdevMajVer;DevMajVer;SCPTdevMajVer;SCPTdevMajVer
0;1;1;SCPTdevMinVer;DevMinVer;SCPTdevMinVer;SCPTdevMinVer
0;1;2;UCPThardwareInfo;HardwareInfo;UCPThardwareInfo;UCPThardwareInfo
1;0;873;UCPTdst;dst;UCPTdst;UCPTdst
1;1;6;SCPTobjMajVer;ObjMajVer_0;SCPTobjMajVer;SCPTobjMajVer
1;1;8;SCPTobjMinVer;ObjMinVer_0;SCPTobjMinVer;SCPTobjMinVer
5;0;0;SCPTupdateRate;UpdateRate_0;SCPTupdateRate;SCPTupdateRate
2;1;26;SCPTobjMajVer;ObjectMajorVersion;SCPTobjMajVer;SCPTobjMajVer
2;1;27;SCPTobjMinVer;ObjectMinorVersion;SCPTobjMinVer;SCPTobjMinVer
2;1;28;UCPTassociatedFileIndex;ObjectFileIndex;UCPTassociatedFileIndex;UCPTassociatedFileIndex
7;0;2;SCPTupdateRate;UpdateRate_1;SCPTupdateRate;SCPTupdateRate
7;0;6;SCPTnvType;NvType1_0;SCPTnvType;SCPTnvType
7;0;728;SCPTdefOutput;DefOutput_0;SNVT_tod_event;SCPTdefOutput
9;0;44;SCPTnvType;NvType1_2;SCPTnvType;SCPTnvType
9;0;736;SCPTmaxRcvTime;MaxRcvTime1_0;SCPTmaxRcvTime;SCPTmaxRcvTime
3;1;26;SCPTobjMajVer;ObjectMajorVersion;SCPTobjMajVer;SCPTobjMajVer
3;1;27;SCPTobjMinVer;ObjectMinorVersion;SCPTobjMinVer;SCPTobjMinVer
3;1;28;UCPTassociatedFileIndex;ObjectFileIndex;UCPTassociatedFileIndex;UCPTassociatedFileIndex
8;0;4;SCPTupdateRate;UpdateRate_2;SCPTupdateRate;SCPTupdateRate
8;0;25;SCPTnvType;NvType1_1;SCPTnvType;SCPTnvType
8;0;732;SCPTdefOutput;DefOutput_1;SNVT_tod_event;SCPTdefOutput
10;0;63;SCPTnvType;NvType1_3;SCPTnvType;SCPTnvType
10;0;738;SCPTmaxRcvTime;MaxRcvTime1_1;SCPTmaxRcvTime;SCPTmaxRcvTime
4;0;885;SCPTminSendTime;MinSendTime2;SCPTminSendTime;SCPTminSendTime
4;0;887;SCPTmaxSendTime;MaxSendTime2;SCPTmaxSendTime;SCPTmaxSendTime
4;0;889;UCPTobjectOption;ObjectOption;UCPTobjectOption;UCPTobjectOption
4;1;7;SCPTobjMajVer;ObjMajVer_1;SCPTobjMajVer;SCPTobjMajVer
4;1;9;SCPTobjMinVer;ObjMinVer_1;SCPTobjMinVer;SCPTobjMinVer
35;0;557;SCPTnvType;NvType3_8;SCPTnvType;SCPTnvType
35;0;756;SCPTmaxRcvTime;MaxRcvTime2_8;SCPTmaxRcvTime;SCPTmaxRcvTime
36;0;576;SCPTnvType;NvType3_9;SCPTnvType;SCPTnvType
36;0;758;SCPTmaxRcvTime;MaxRcvTime2_9;SCPTmaxRcvTime;SCPTmaxRcvTime
37;0;595;SCPTnvType;NvType3_10;SCPTnvType;SCPTnvType
37;0;760;SCPTmaxRcvTime;MaxRcvTime2_10;SCPTmaxRcvTime;SCPTmaxRcvTime
38;0;614;SCPTnvType;NvType3_11;SCPTnvType;SCPTnvType
38;0;762;SCPTmaxRcvTime;MaxRcvTime2_11;SCPTmaxRcvTime;SCPTmaxRcvTime
39;0;633;SCPTnvType;NvType3_12;SCPTnvType;SCPTnvType
39;0;764;SCPTmaxRcvTime;MaxRcvTime2_12;SCPTmaxRcvTime;SCPTmaxRcvTime
40;0;652;SCPTnvType;NvType3_13;SCPTnvType;SCPTnvType
40;0;766;SCPTmaxRcvTime;MaxRcvTime2_13;SCPTmaxRcvTime;SCPTmaxRcvTime
41;0;671;SCPTnvType;NvType3_14;SCPTnvType;SCPTnvType
41;0;768;SCPTmaxRcvTime;MaxRcvTime2_14;SCPTmaxRcvTime;SCPTmaxRcvTime
42;0;690;SCPTnvType;NvType3_15;SCPTnvType;SCPTnvType
42;0;770;SCPTmaxRcvTime;MaxRcvTime2_15;SCPTmaxRcvTime;SCPTmaxRcvTime
43;0;709;SCPTnvType;NvType3_16;SCPTnvType;SCPTnvType
43;0;772;SCPTmaxRcvTime;MaxRcvTime2_16;SCPTmaxRcvTime;SCPTmaxRcvTime
50;0;196;SCPTnvType;NvType2_6;SCPTnvType;SCPTnvType
50;0;786;SCPTminSendTime;MinSendTime1_6;SCPTminSendTime;SCPTminSendTime
50;0;820;SCPTmaxSendTime;MaxSendTime1_6;SCPTmaxSendTime;SCPTmaxSendTime
51;0;215;SCPTnvType;NvType2_7;SCPTnvType;SCPTnvType
51;0;788;SCPTminSendTime;MinSendTime1_7;SCPTminSendTime;SCPTminSendTime
51;0;822;SCPTmaxSendTime;MaxSendTime1_7;SCPTmaxSendTime;SCPTmaxSendTime
52;0;234;SCPTnvType;NvType2_8;SCPTnvType;SCPTnvType
52;0;790;SCPTminSendTime;MinSendTime1_8;SCPTminSendTime;SCPTminSendTime
52;0;824;SCPTmaxSendTime;MaxSendTime1_8;SCPTmaxSendTime;SCPTmaxSendTime
53;0;253;SCPTnvType;NvType2_9;SCPTnvType;SCPTnvType
53;0;792;SCPTminSendTime;MinSendTime1_9;SCPTminSendTime;SCPTminSendTime
53;0;826;SCPTmaxSendTime;MaxSendTime1_9;SCPTmaxSendTime;SCPTmaxSendTime
54;0;272;SCPTnvType;NvType2_10;SCPTnvType;SCPTnvType
54;0;794;SCPTminSendTime;MinSendTime1_10;SCPTminSendTime;SCPTminSendTime
54;0;828;SCPTmaxSendTime;MaxSendTime1_10;SCPTmaxSendTime;SCPTmaxSendTime
55;0;291;SCPTnvType;NvType2_11;SCPTnvType;SCPTnvType
55;0;796;SCPTminSendTime;MinSendTime1_11;SCPTminSendTime;SCPTminSendTime
55;0;830;SCPTmaxSendTime;MaxSendTime1_11;SCPTmaxSendTime;SCPTmaxSendTime
56;0;310;SCPTnvType;NvType2_12;SCPTnvType;SCPTnvType
56;0;798;SCPTminSendTime;MinSendTime1_12;SCPTminSendTime;SCPTminSendTime
56;0;832;SCPTmaxSendTime;MaxSendTime1_12;SCPTmaxSendTime;SCPTmaxSendTime
57;0;329;SCPTnvType;NvType2_13;SCPTnvType;SCPTnvType
57;0;800;SCPTminSendTime;MinSendTime1_13;SCPTminSendTime;SCPTminSendTime
57;0;834;SCPTmaxSendTime;MaxSendTime1_13;SCPTmaxSendTime;SCPTmaxSendTime
58;0;348;SCPTnvType;NvType2_14;SCPTnvType;SCPTnvType
58;0;802;SCPTminSendTime;MinSendTime1_14;SCPTminSendTime;SCPTminSendTime
58;0;836;SCPTmaxSendTime;MaxSendTime1_14;SCPTmaxSendTime;SCPTmaxSendTime
59;0;367;SCPTnvType;NvType2_15;SCPTnvType;SCPTnvType
59;0;804;SCPTminSendTime;MinSendTime1_15;SCPTminSendTime;SCPTminSendTime
59;0;838;SCPTmaxSendTime;MaxSendTime1_15;SCPTmaxSendTime;SCPTmaxSendTime
60;0;386;SCPTnvType;NvType2_16;SCPTnvType;SCPTnvType
60;0;806;SCPTminSendTime;MinSendTime1_16;SCPTminSendTime;SCPTminSendTime
60;0;840;SCPTmaxSendTime;MaxSendTime1_16;SCPTmaxSendTime;SCPTmaxSendTime
4;2;11;nciCn1_7;nciCn17;nciCn1_7;nciCn1_7
4;2;12;nciCn8_14;nciCn814;nciCn8_14;nciCn8_14
4;2;13;nciCn15_21;nciCn1521;nciCn15_21;nciCn15_21
4;2;14;nciCn22_28;nciCn2228;nciCn22_28;nciCn22_28
4;2;15;nciCe1_31;nciCe131;nciCe1_31;nciCe1_31
44;0;82;SCPTnvType;NvType2_0;SCPTnvType;SCPTnvType
44;0;774;SCPTminSendTime;MinSendTime1_0;SCPTminSendTime;SCPTminSendTime
44;0;808;SCPTmaxSendTime;MaxSendTime1_0;SCPTmaxSendTime;SCPTmaxSendTime
45;0;101;SCPTnvType;NvType2_1;SCPTnvType;SCPTnvType
45;0;776;SCPTminSendTime;MinSendTime1_1;SCPTminSendTime;SCPTminSendTime
45;0;810;SCPTmaxSendTime;MaxSendTime1_1;SCPTmaxSendTime;SCPTmaxSendTime
46;0;120;SCPTnvType;NvType2_2;SCPTnvType;SCPTnvType
46;0;778;SCPTminSendTime;MinSendTime1_2;SCPTminSendTime;SCPTminSendTime
46;0;812;SCPTmaxSendTime;MaxSendTime1_2;SCPTmaxSendTime;SCPTmaxSendTime
47;0;139;SCPTnvType;NvType2_3;SCPTnvType;SCPTnvType
47;0;780;SCPTminSendTime;MinSendTime1_3;SCPTminSendTime;SCPTminSendTime
47;0;814;SCPTmaxSendTime;MaxSendTime1_3;SCPTmaxSendTime;SCPTmaxSendTime
48;0;158;SCPTnvType;NvType2_4;SCPTnvType;SCPTnvType
48;0;782;SCPTminSendTime;MinSendTime1_4;SCPTminSendTime;SCPTminSendTime
48;0;816;SCPTmaxSendTime;MaxSendTime1_4;SCPTmaxSendTime;SCPTmaxSendTime
49;0;177;SCPTnvType;NvType2_5;SCPTnvType;SCPTnvType
49;0;784;SCPTminSendTime;MinSendTime1_5;SCPTminSendTime;SCPTminSendTime
49;0;818;SCPTmaxSendTime;MaxSendTime1_5;SCPTmaxSendTime;SCPTmaxSendTime
11;1;10;UCPTvalidOutputSignalTypes;ValidOutSigTypes_0;UCPTvalidOutputSignalTypes;UCPTvalidOutputSignalTypes
27;0;405;SCPTnvType;NvType3_0;SCPTnvType;SCPTnvType
27;0;740;SCPTmaxRcvTime;MaxRcvTime2_0;SCPTmaxRcvTime;SCPTmaxRcvTime
12;1;12;UCPTvalidOutputSignalTypes;ValidOutSigTypes_1;UCPTvalidOutputSignalTypes;UCPTvalidOutputSignalTypes
28;0;424;SCPTnvType;NvType3_1;SCPTnvType;SCPTnvType
28;0;742;SCPTmaxRcvTime;MaxRcvTime2_1;SCPTmaxRcvTime;SCPTmaxRcvTime
13;1;14;UCPTvalidOutputSignalTypes;ValidOutSigTypes_2;UCPTvalidOutputSignalTypes;UCPTvalidOutputSignalTypes
29;0;443;SCPTnvType;NvType3_2;SCPTnvType;SCPTnvType
29;0;744;SCPTmaxRcvTime;MaxRcvTime2_2;SCPTmaxRcvTime;SCPTmaxRcvTime
14;1;16;UCPTvalidOutputSignalTypes;ValidOutSigTypes_3;UCPTvalidOutputSignalTypes;UCPTvalidOutputSignalTypes
30;0;462;SCPTnvType;NvType3_3;SCPTnvType;SCPTnvType
30;0;746;SCPTmaxRcvTime;MaxRcvTime2_3;SCPTmaxRcvTime;SCPTmaxRcvTime
15;1;18;UCPTvalidOutputSignalTypes;ValidOutSigTypes_4;UCPTvalidOutputSignalTypes;UCPTvalidOutputSignalTypes
31;0;481;SCPTnvType;NvType3_4;SCPTnvType;SCPTnvType
31;0;748;SCPTmaxRcvTime;MaxRcvTime2_4;SCPTmaxRcvTime;SCPTmaxRcvTime
16;1;20;UCPTvalidOutputSignalTypes;ValidOutSigTypes_5;UCPTvalidOutputSignalTypes;UCPTvalidOutputSignalTypes
32;0;500;SCPTnvType;NvType3_5;SCPTnvType;SCPTnvType
32;0;750;SCPTmaxRcvTime;MaxRcvTime2_5;SCPTmaxRcvTime;SCPTmaxRcvTime
17;1;22;UCPTvalidOutputSignalTypes;ValidOutSigTypes_6;UCPTvalidOutputSignalTypes;UCPTvalidOutputSignalTypes
33;0;519;SCPTnvType;NvType3_6;SCPTnvType;SCPTnvType
33;0;752;SCPTmaxRcvTime;MaxRcvTime2_6;SCPTmaxRcvTime;SCPTmaxRcvTime
18;1;24;UCPTvalidOutputSignalTypes;ValidOutSigTypes_7;UCPTvalidOutputSignalTypes;UCPTvalidOutputSignalTypes
34;0;538;SCPTnvType;NvType3_7;SCPTnvType;SCPTnvType
34;0;754;SCPTmaxRcvTime;MaxRcvTime2_7;SCPTmaxRcvTime;SCPTmaxRcvTime
